
> nexusapi@0.1.0 build
> next build

Γû▓ Next.js 16.2.0 (Turbopack)
- Environments: .env

node.exe : ΓÜá The "middleware" file 
convention is deprecated. Please use 
"proxy" instead. Learn more: https://nextjs
.org/docs/messages/middleware-to-proxy
At C:\Users\admin\AppData\Roaming\npm\npm.p
s1:24 char:5
+     & "node$exe"  
"$basedir/node_modules/npm/bin/npm-cli.js" 
$args
+     ~~~~~~~~~~~~~~~~~~~~~~~~~~~~~~~~~~~~~
~~~~~~~~~~~~~~~~~~~~~~~~~
    + CategoryInfo          : NotSpecified 
   : (ΓÜá The "middle...leware-to-proxy:S  
  tring) [], RemoteException
    + FullyQualifiedErrorId : NativeComman 
   dError
 
  Creating an optimized production build ...
Γ£ô Compiled successfully in 3.7s
  Running TypeScript ...
  Finished TypeScript in 3.8s ...
  Collecting page data using 9 workers ...
  Generating static pages using 9 workers (0/7) ...
  Generating static pages using 9 workers (1/7) 
  Generating static pages using 9 workers (3/7) 
  Generating static pages using 9 workers (5/7) 
Γ£ô Generating static pages using 9 workers (7/7) in 753ms
  Finalizing page optimization ...

Route (app)
Γöî Γùï /
Γö£ Γùï /_not-found
Γö£ ╞Æ /api/auth/[...nextauth]
Γö£ ╞Æ /api/v1/chat/completions
Γö£ ╞Æ /api/v1/keys
Γöö ╞Æ /dashboard


╞Æ Proxy (Middleware)

Γùï  (Static)   prerendered as static content
╞Æ  (Dynamic)  server-rendered on demand

